Mdd^Xm, Mdd^Xm, Mdd, Mdd, Hd, Dd, Dd, Dd, Dd^Edp, Dd, Dd, Dd, Dd, Dd, Dd, Dd, Dd, Dd, Dd, Dd, Dd^Edp, Dd, Dd^Edp, Dd, Hd, Mdd, Mdd, Mdd, Mdd^Xm, Mdd^Xm
Mdd^Xm, Mdd^Xm, Mdd, Mdd, Hd, Ce, Ce, Dd, Ce, Ce, Hd, Dd, Dd, Dd, Dd, Dd, Hd, Dd, Dd, Dd, Dd, Dd^Edp, Dd^Edp, Dd^Dc, Hd, Mdd, Mdd, Mdd, Mdd^Xm, Mdd^Xm
Mdd^Xm, Mdd^Xm, Mdd, Hd, Hd, Hd, Ce, 4 Ket, Ce, Hd, Hd, Hd, Hd, Dd, Hd, Hd, Dd^Ftd, Hd, Dd, Dd, Ce, Dd, Dd^Edp, Hd, Hd, Mdd, Mdd, Mdd, Mdd, Mdd
Mdd^Xm, Mdd, Mdd, Mdd, Hd, Hd, Dd^Dc, Ce, Dd^Edpp, Hd, Dd^Ftd, Dd^Ftd, Hd, Hd, Hd, Dd^Ftd, Dd^Ftd, Hd, Hd, Ce, 3 Ket, Ce, Dd^Edp, Dd^Vdr, Hd^Ebn, Hd, Hd, Mdd, Mdd, Mdd
Mdd, Mdd, Mdd, Hd, Hd, Dd^Vdr, Dd, Dd, Dd^Edpp, Hd^Ebn, Hd, Dd^Ftd, Hd, Hd^Vdr, Hd, Dd^Ftd, Dd^Ftd, Dd^Ftd, Hd, Ce, Ce, Ce, Dd, Dd, Dd^Edp, Dd, Dd, Hd, Mdd, Mdd
Mdd, Mdd, Hd, Hd^Ebn, Dd, Dd, Dd, Dd^Edp, Dd^Edpp, Dd, Dd, Hd, Dd^Ftd, Dd^Ftd, Dd^Ftd, Hd, Hd, Hd, Dd, Dd, Dd, Dd^Edp, Dd^Edp, Dd, Dd^Edp, Dd, Dd, Hd, Hd, Mdd
Mdd, Mdd, Hd, Hd, Dd, Dd^Edp, Dd, Dd, Dd, Dd, Hd, Hd, Dd^Ftd, Dd^Ftd, Dd^Ftd, Dd^Ftd, Hd, Dd^Ebn, Dd^Edp, Dd, Dd, Dd^Edp, Dd, Dd, Dd, Dd, Dd, Hd, Hd, Hd
Dd^Ftd, Dd^Ftd, Dd^Ftd, Dd, Dd^Ftd, Dd^Edp, Dd, Dd, Dd^Edp, Dd, Dd, Hd, Dd^Ftd, Dd^Ftd, Dd^Ftd, Dd^Ftd, Hd^Ebn, Dd^Edp, Dd, Dd, Dd, Dd, Dd, Dd, Dd^Edp, Dd, Dd^Edp, Dd, Dd^Edp, Hd
Dd^Ftd, Dd^Ftd, Dd^Ftd, Dd^Ftd, Dd^Ftd, Dd^Ftd, Dd^Do, Dd, Dd^Ftd, Dd, Dd^Edp, Hd^Ebn, Hd, Dd^Ftd, Dd^Ftd, Dd^Ftd, Hd, Dd, Dd^Dc, Dd, Dd, Dd, Dd, Dd, Dd, Dd^Edp, Dd, Dd, Dd, Dd^Edp
Dd^Ftd, Dd^Ftd, Dd^Ftd, Dd^Ftd, Ww, Ww, Dd^Vdr, Dd^Ftd, Dd^Ftd, Dd^Ftd, Dd^Ftd, Dd^Dc, Hd, Dd^Ftd, Hd, Hd, Dd, Dd^Edp, Dd, Dd, Dd, Dd, Dd, Dd^Edp, Dd, Dd, Dd^Edp, Dd^Edp, Dd, Dd^Dc
Dd^Ftd, Dd^Ftd, Ww, Ww, Ww, Ww, Dd^Ftd, Dd^Ftd, Dd^Ftd, Dd, Dd^Edpp, Dd^Edpp, Dd, Hd, Dd, Dd, Dd, Dd, Dd, Dd, Dd^Edp, Dd^Edp, Dd^Edp, Dd, Dd, Dd, Dd, Dd^Edp, Dd, Dd
Dd^Ftd, Dd^Ftd, Ww, Ww, Ww, Ww, Dd^Ftd, Dd^Ftd, Dd^Ftd, Dd^Edp, Dd, Dd, Dd^Edpp, Dd, Dd, Dd, Dd^Edp, Dd, Dd, Dd, Dd^Edp, Dd^Edp, Dd, Dd^Edp, Dd^Edp, Dd^Edp, Dd, Dd, Dd, Dd^Edp
Dd^Ftd, Dd^Ftd, Dd^Ftd, Ww, Dd^Ftd, Dd^Ftd, Dd^Ftd, Dd^Ftd, Dd^Ftd, Dd, Dd^Ftd, Dd, Dd, Dd, Dd, Dd, Dd, Dd^Edp, Dd, Dd, Dd, Dd^Edp, Dd^Edp, Dd, Dd, Dd, Dd, Dd, Dd, Dd
Dd^Ftd, Dd^Ftd, Dd^Ftd, Dd^Ftd, Dd^Ftd, Dd^Ftd, Dd^Ftd, Dd^Ftd, Dd^Ftd, Dd^Ftd, Dd^Ftd, Dd, Dd, Dd, Dd, Dd^Edp, Dd, Dd, Dd^Edp, Dd, Dd, Dd, Dd, Dd, Dd^Edp, Dd^Vdt, Dd, Dd, Dd^Edpp, Dd^Edpp
Dd^Ftd, Dd^Ftd, Dd^Ftd, Dd^Do, Dd^Ftd, Dd^Ftd, Dd^Ftd, Dd^Ftd, Dd^Ftd, Dd^Ftd, Dd^Ftd, Dd, Dd, Dd^Edp, Dd^Vda, Dd, Dd, Dd, Dd^Edp, Dd, Dd, Dd, Dd, Dd^Edp, Dd^Edpp, Dd, Dd^Edp, Dd, Dd, Dd
Dd^Edp, Dd, Dd, Dd, Dd, Dd^Edp, Dd, Dd, Dd, Dd^Ftd, Dd^Edp, Dd, Mdd, Mdd, Mdd^Xm, Mdd, Dd^Edp, Dd^Edp, Dd, Dd, Dd^Edp, Dd, Dd^Edp, Dd^Edp, Dd, Dd^Edp, Dd, Dd^Edp, Dd, Dd
Dd, Dd^Edp, Dd, Dd, Dd, Dd^Edp, Dd^Edp, Dd, Dd, Dd, Dd, Dd, Mdd, Mdd^Xm, Mdd^Xm, Mdd, Mdd, Dd, Dd, Dd, Dd, Dd, Dd^Edp, Dd, Dd, Dd, Dd^Edp, Dd, Dd^Edp, Dd
Dd, Dd, Dd, Dd, Dd, Dd^Edp, Dd, Dd^Edp, Dd, Dd, Dd, Mdd, Mdd, Mdd^Xm, Mdd^Xm, Mdd^Xm, Mdd, Mdd, Dd, Dd, Dd, Dd^Dc, Dd, Dd, Dd, Dd, Dd, Dd^Edp, Dd, Dd
Dd, Dd, Dd, Dd, Dd, Dd, Dd, Dd^Edpp, Dd, Dd, Hd, Mdd, Mdd, Mdd, Mdd, Mdd, Mdd, Mdd, Hd, Dd, Dd, Dd, Dd, Dd, Dd, Dd, Dd, Dd, Dd, Dd
Dd^Edpp, Dd, Dd^Edp, Dd^Edpp, Dd, Dd, Dd, Dd, Dd, Dd, Hd, Hd, Hd, Mdd, Hd, Mdd, Hd, Hd, Dd, Dd^Edp, Dd, Dd, Dd, Dd^Edp, Dd, Dd, Dd, Dd, Dd, Dd
Dd, Dd, Dd^Edpp, Dd^Edp, Dd^Edp, Dd, Dd, Dd, Dd, Mdd, Mdd, Hd, Mdd, Hd, Hd, Hd, Dd^Edp, Dd, Dd, Dd, Dd, Dd^Edp, Dd^Edp, Dd, Dd, Dd, Dd, Dd, Dd^Edp, Dd
Dd, Dd, Dd, Dd^Edp, Dd^Edpp, Dd^Edp, Dd^Edp, Dd, Dd, Mdd, Mdd, Mdd, Mdd, Hd, Dd^Vdt, Dd, Dd^Edp, Dd, Dd, Dd^Edp, Dd, Dd^Edp, Mdd, Dd, Dd, Dd^Edpp, Mdd, Dd^Vda, Mdd, Dd^Edp
Dd, Dd, Dd^Edp, Dd, Dd, Dd, Dd, Dd^Edp, Dd, Mdd, Mdd, Mdd, Mdd, Mdd, Dd, Dd, Dd, Dd, Dd, Dd, Dd, Dd^Vdt, Mdd, Mdd, Mdd, Mdd, Mdd, Mdd, Mdd, Mdd
Dd, Dd, Dd, Dd, Dd, Dd, Dd, Dd^Edpp, Dd, Dd^Edpp, Dd^Edp, Mdd, Dd^Edpp, Dd, Dd^Edp, Dd, Dd^Edp, Dd, Dd, Dd, Dd^Edp, Dd^Edp, Dd, Mdd, Mdd, Mdd, Mdd, Mdd, Mdd, Mdd
Dd^Edp, Dd, Dd, Dd, Dd, Dd, Hd, Dd, Dd, Dd, Dd^Edp, Dd, Dd, Dd, Dd, Dd^Edp, Dd, Dd, Dd, Dd, Dd, Dd^Edp, Dd^Edp, Dd^Ftd, Dd^Ftd, Dd^Ftd, Dd^Ftd, Dd^Ftd, Dd^Ftd, Mdd
Dd, Dd, Hd, Hd, Dd, Hd, Hd, Dd, Dd, Dd, Dd^Edp, Dd, Dd, Dd, Dd, Dd, Hd, Hd, Hd, Dd, Dd, Dd, Dd, Dd, Dd, Dd^Ftd, Dd^Ftd, Dd^Ftd, Dd^Ftd, Dd^Ftd
Dd, Dd^Edp, Hd, Hd, Dd^Vda, Hd, Dd, Dd, Dd, Dd, Dd, Dd, Hd, Dd^Vda, Hd, Hd, Hd, Hd, Hd, Dd, Dd^Edp, Dd^Edpp, Dd, Dd^Edp, Dd, Dd^Do, Dd, Dd^Ftd, Dd^Ftd, Dd^Ftd
Dd, Dd, Hd, Hd, Hd, Hd, Dd, Dd, Dd, Dd, Dd^Edpp, Dd^Edp, Hd, Hd, Dd, Hd, Hd, Hd, Dd, Dd^Edp, Dd^Edp, Dd, Dd^Edp, Dd, Dd, Dd, Dd, Dd, Dd^Edpp, Dd
Dd^Edp, Dd, Dd, Hd, Hd, Hd, Dd, Dd, Dd, Dd, Dd, Dd^Edp, Dd, Dd, Dd, Dd, Dd^Edp, Dd, Dd, Dd, Dd, Dd^Edp, Dd, Dd, Dd, Dd, Dd^Edp, Dd^Edp, Dd, Dd
Dd, Dd, Dd, Hd, Hd, Hd, Dd^Edp, Dd^Edp, Dd, Dd, Dd, Dd^Edp, Dd, Dd, Dd, Dd, Dd, Dd, Dd, Dd, Dd^Edpp, Dd, Dd^Edp, Dd, Dd^Edp, Dd^Edp, Dd, Dd, Dd, Dd^Edp
Dd, Dd^Edp, Dd^Edp, Hd, Hd, Hd, Dd, Dd, Dd, Dd, Dd^Edpp, Dd, Dd, Dd, Dd^Edp, Dd, Dd, Dd, Dd, Dd^Edp, Dd, Dd, Dd, Dd, Dd, Dd, Dd, Dd, Dd^Edpp, Dd
Dd^Edp, Dd, Dd, Dd, Dd, Dd, Dd, Dd, Dd^Edp, Dd, Dd, Dd, Dd^Ftd, Dd, Dd^Ftd, Dd, Dd^Edp, Dd, Dd^Edp, Dd, Dd, Dd^Edp, Dd^Edpp, Dd^Edp, Dd, Dd^Edp, Dd^Edp, Dd, Dd, Dd
Dd, Dd^Edp, Dd, Dd, Dd, Dd, Dd, Dd, Dd^Edp, Dd, Dd^Ftd, Dd^Ftd, Dd^Ftd, Dd^Ftd, Dd^Ftd, Dd^Ftd, Dd^Ftd, Dd^Edpp, Dd, Dd^Edp, Cd, Rd, Cd, Dd^Edp, Dd, Dd, Dd, Dd, Dd, Dd
Dd, Dd, Dd, Dd, Dd, Dd, Dd, Dd, Dd, Dd^Ftd, Dd^Ftd, Dd^Ftd, Ww, Ww^Bw|, Ww, Dd^Ftd, Dd^Ftd, Dd^Ftd, Dd^Ftd, Cd, Rd, Rd^Vda, Rd, Cd, Dd, Dd, Dd, Dd, Dd^Edp, Dd
Dd, Dd^Edp, Cd, Cd, 1 Kd, Cd, Cd, Cd, Dd^Ftd, Dd^Ftd, Ww, Ww, Rb^Gvs, Rb^Gvs, Rb^Gvs, Ww, Ww, Dd^Ftd, Rd, Rd, Rd, Rd, Rd, Rd, Rd, Dd^Edp, Dd, Dd, Dd^Edpp, Dd
Dd^Edp, Dd, Cd, Rd, Rd, Rd, Rd, Rd, Dd^Ftd, Dd^Vda, Ww, Ww, Rb^Gvs, Rb^Gvs, Rb^Gvs, Ww, Ww, Ww, Rd, Rd, Rd, Rd^Ecf, Rd, Rd, Rd, Dd, Dd, Dd, Mdd, Mdd
Dd, Cd, Rd, Rd, Rd^Ecf, Rd, Rd, Rd, Gg, Gg, Gg, Ww^Bw/, Rb^Vwm, Rb^Gvs, Rb^Gvs, Rb^Gvs, Rb^Gvs, Ww^Bw/, Ww, Rd, Cd, Rd, Rd, Rd, Dd^Edp, Dd, Dd^Edp, Mdd, Mdd, Mdd
Dd, Rd, Rd, Rd, Rd, Rd, Rd, Rd, Gg, Ww, Ww, Ww, Ww, Ww, Ww, Rb^Gvs, Ww, Ww, Dd^Do, Dd^Vda, 2 Kd, Cd, Cd, Rd, Dd^Edpp, Dd^Edp, Dd^Edp, Mdd, Mdd^Xm, Mdd
Dd, Rd, Rd, Rd, Rd, Rd, Dd, Dd^Ftd, Dd^Ftd, Dd^Vda, Dd^Ftd, Dd^Do, Ww, Wo, Ww, Ww^Bw|, Wo, Ww, Ww, Cd, Dd^Ftd, Dd^Ftd, Dd^Ftd, Dd^Vda, Dd, Dd, Dd, Mdd, Mdd^Xm, Mdd^Xm
Dd, Dd, Dd, Rd, Rd, Dd^Vda, Dd^Edpp, Dd^Ftd, Dd^Ftd, Dd^Ftd, Dd^Ftd, Dd^Ftd, Ww, Wo, Ww, Ww^Bw|, Ww, Wo, Ww^Bw/, Ww^Bw/, Ww, Dd^Ftd, Dd^Ftd, Dd^Ftd, Dd, Dd, Dd, Mdd, Mdd^Xm, Mdd^Xm
Mdd, Dd^Edp, Dd, Dd, Dd, Dd, Dd^Edp, Dd^Ftd, Ww, Dd^Ftd, Ww, Ww^Bw\, Ww^Bw\, Ww, Gg^Efm, Gg^Efm, Gg^Efm, Ww^Bw/, Ww, Ww, Wo, Ww, Dd^Ftd, Dd, Dd, Dd^Edp, Dd^Edp, Mdd, Mdd^Xm, Mdd^Xm
Mdd, Dd, Dd, Dd, Dd, Dd^Ftd, Dd^Ftd, Dd^Ftd, Ww, Ww, Ww, Ww, Ww, Gg^Efm, Gg^Efm, Gg^Efm, Gg^Efm, Ww, Wo, Wo, Ww, Ww, Dd^Ftd, Dd^Ftd, Dd^Edpp, Dd, Mdd, Mdd^Xm, Mdd^Xm, Mdd
Mdd, Mdd, Dd^Dc, Dd, Dd^Edp, Dd^Ftd, Dd^Ftd, Dd^Ftd, Ww, Ww, Wo, Wo, Wo, Ww, Ww, Gg^Efm, Gg^Efm, Ww, Wo, Wo, Ww, Dd^Ftd, Dd^Ftd, Dd, Dd, Dd, Mdd, Mdd^Xm, Mdd^Xm, Mdd^Xm
Mdd, Mdd, Mdd, Mdd, Mdd, Dd^Ftd, Dd^Ftd, Dd^Ftd, Ww, Ww, Wo, Wo, Wo, Wo, Ww, Ww, Ww, Ww, Wo, Ww, Dd^Ftd, Dd^Ftd, Dd^Ftd, Dd^Ftd, Mdd, Mdd, Mdd, Mdd, Mdd, Mdd
