Gg^Fms, Gg^Fms, Gs^Fms, Gg^Fms, Gg^Fms, Gg^Fms, Hh^Fms, Gg^Fms, Gg^Fms, Gg^Fms, Gg^Fms, Gd^Fms, Gg^Fms, Gg^Fms, Gg, Gg, Re, Gg, Gg, Gg, Gg, Gg, Gg, Hh^Fms, Gg^Fms, Gg^Fms, Gg^Fms, Gg^Fms, Gg^Fms, Gg, Gg, Gg, Gg, Gg, Gg, Gll, Gg, Gs, Gg, Gg, Gs, Gg, Mm, Gg, Mm, Mm, Wog, Wog, Wog, Gg
Gg^Fms, Gg^Fms, Gg^Fms, Gg^Fms, Gg^Fms, Gg^Fms, Gg^Fms, Gd^Fms, Gg^Fms, Gg^Fms, Gg^Fms, Gg^Fms, Gg^Fms, Gg^Fms, Gg, Gg^Fms, Re, Gg^Fms, Gd^Vo, Gg, Gg^Fms, Gg, Mm, Gg^Fms, Mm, Gg^Fms, Gg^Fms, Gg^Fms, Gg^Fms, Gg, Gg, Gg, Gg, Gg, Gs^Fms, Gg, Gg, Gg, Gg^Efm, Mm, Mm, Mm, Wog, Mm, Wog, Wog, Wog, Wog, Mm, Mm
Gg^Fms, Gg^Fms, Gg^Fms, Gd^Fms, Gg^Fms, Gg^Fms, Gg^Fms, Gg^Fms, Gg^Fms, Gg^Fms, Hh^Fms, Gg^Fms, Hh^Fms, Gg, Gg^Fms, Gg, Re, Gg^Fms, Gg^Fms, Gg^Fms, Gg^Fms, Mm, Mm, Mm, Mm, Mm, Mm, Gg^Fms, Gg^Fms, Gg, Gg^Fms, Gg, Gll^Fms, Gg, Gg, Gg, Gg, Mm, Mm, Mm, Mm, Wog, Wog, Wog, Wog, Wog, Wog, Wog, Mm, Mm
Gg^Fms, Gg^Fms, Gg^Fms, Gg^Fms, Hh^Fms, Hh^Fms, Hh^Fms, Hh^Fms, Hh^Fms, Gg^Fms, Co, Gg^Fms, Gg^Fms, Gg^Fms, Gg^Fms, Re, Gg^Fms, Gg, Gg, Gg, Mm, Mm, Mm, Mm, Mm, Mm, Gg^Fms, Gg^Fms, Gg^Fms, Gg^Fms, Gg^Fms, Gg^Fms, Gg^Fms, Gg^Fms, Gg, Gg, Mm, Mm, Mm, Mm, Wog, Wog, Wog, Wog, Wog, Wog, Mm, Mm, Mm, Gg
Hh^Fms, Gg^Fms, Gg^Fms, Gg^Fms, Hh^Fms, Hh^Fms, Hh, Hh, Co, Co, Co, 3 Ko, Gg^Fms, Gg^Fms, Gg^Fms, Re, Gg^Fms, Gg^Fms, Gg^Fms, Gg^Fms, Mm, Mm, Cte, Mm, Cte, Mm, Gg^Fms, Gll^Fms, Gg^Fms, Gg^Fms, Gd^Fms, Hh^Fms, Gg^Fms, Gg^Fms, Gs^Fms, Gg, Mm, Mm, Wog, Wog, Wog, Wog, Wog, Wog, Wog, Wog, Mm, Mm, Mm, Gg
Gs^Fms, Gg^Fms, Gs^Fms, Hh^Fms, Hh^Fms, Hh, Hh, Hh, Hh^Fms, Co, Hh^Vo, Hh^Fms, Hh^Fms, Gg^Fms, Gg, Re, Re, Gg^Fms, Gg^Fms, Gd, Gg, Cte, 4 Kte, Cte, Cte, Uu^Vu, Gg^Fms, Gg^Fms, Gg^Fms, Gg^Fms, Hh^Fms, Gg^Fms, Gg^Fms, Gs^Fms, Gs^Fms, Mm, Mm, Mm, Wog, Wog, Wog, Wog, Wog, Wog, Wog, Wog, Wog, Mm, Mm, Gg
Gs^Fms, Gs^Fms, Hh^Fms, Hh^Fms, Hh^Fms, Hh^Fms, Hh^Fms, Hh^Fms, Gg^Fms, Hh^Fms, Hh^Fms, Hh^Fms, Hh^Fms, Hh^Fms, Gg, Gg, Gg, Re, Re, Gg, Gg, Gg, Gs, Gg^Fms, Gll^Fms, Gg^Fms, Gg^Fms, Gg^Fms, Gg, Gg, Gg^Fms, Gg^Fms, Gg^Fms, Gg^Fms, Gg^Fms, Mm, Mm, Mm, Mm, Wo, Mm, Wog, Wog, Wog, Wog, Wog, Wog, Mm, Mm, Mm
Gs^Fms, Gs^Fms, Hh^Fms, Hh^Fms, Hh^Fms, Hh^Fms, Hh^Fms, Gg^Fms, Hh^Fms, Hh^Fms, Hh^Fms, Hh^Fms, Hh^Fms, Hh^Fms, Hh, Hh, Gg, Hh^Fms, Re, Gg, Gg, Gg, Gg, Gd, Gg, Gg^Fms, Gg^Fms, Hh^Fms, Gg^Fms, Gll^Fms, Gg^Fms, Gg^Fms, Gg^Fms, Hh^Fms, Gg, Gg, Gd^Vo, Mm, Hh, Wo^Pr|, Mm, Mm, Mm, Wog, Wog, Wog, Mm, Mm, Mm, Mm
Gg^Fms, Gg^Fms, Hh^Fms, Hh^Vo, Hh^Fms, Hh^Fms, Gg^Fms, Hh^Fms, Hh^Fms, Hh^Fms, Hh^Fms, Hh^Fms, Gg, Hh, Gg, Hh, Gg, Gg, Hh, Re, Re, Gg, Gg, Gg, Hh, Gg, Gg^Fms, Gg^Fms, Gg^Fms, Gg^Fms, Gg^Fms, Gg^Fms, Gg, Gll, Gg^Efm, Gg, Gs, Hh, Hh, Wwf, Mm, Mm, Mm, Mm, Mm, Mm, Mm, Mm, Mm, Gg
Gg^Fms, Gg^Fms, Gg^Fms, Hh^Fms, Gg^Fms, Hh^Fms, Gg^Fms, Hh^Fms, Hh^Fms, Hh^Fms, Hh^Fms, Gg, Gg, Gg, Gg, Gg, Gg, Gg, Gg, Gg, Gg, Re, Re, Gg, Gg, Gg, Gg, Gg^Fms, Gg^Fms, Gg^Fms, Gg, Gg, Gg, Gg, Re, Gg, Re, Wwf, Wwf, Wwf, Mm, Mm, Mm, Mm, Mm, Mm, Mm, Mm, Gg, Gg
Gg^Fms, Gg^Fms, Gg^Fms, Gg^Fms, Gg^Fms, Gg^Fms, Gg^Fms, Gg^Fms, Hh^Fms, Hh^Fms, Hh^Fms, Hh^Fms, Hh, Gg, Gg, Gg, Gg, Gg, Gg, Gg, Gg, Hh, Re, Hh, Gll, Gg, Gs, Gg, Gg, Gg, Gg, Gg, Re, Re, Hh, Re, Mm, Re, Mm, Mm, Hh, Hh, Gs, Mm, Gg, Mm, Gg, Mm, Gg^Efm, Gg
Gg^Fms, Gg^Fms, Gg^Fms, Gg^Fms, Gg^Fms, Gg^Fms, Gg^Fms, Gg^Fms, Gg^Fms, Hh^Fms, Gg, Gg, Gg, Gg, Gg, Gg, Gg, Gg, Gg, Gg, Gg, Gg, Gg, Re, Hh, Gg, Gg, Gg, Gg, Gg, Re, Re, Gg, Ww, Hh, Mm, Hh, Mm, Hh, Mm, Hh, Gg, Gg, Gg, Gg, Gg, Gs^Fms, Gd, Gg, Gg
Gg^Fms, Gs^Fms, Gg^Fms, Gg^Fms, Gg^Fms, Gg^Fms, Gg^Fms, Gg^Fms, Gs, Gg, Gg, Hh, Gg, Gg, Hh, Gg, Gg, Gg, Gg, Gg, Gg, Gg, Gg, Re, Re, Gg, Gg, Gg, Gg, Re, Gg, Gg, Ds, Ww, Hh, Mm, Hh, Hh, Ww, Hh, Ds, Gg, Gg, Gg, Gg, Gg, Gg, Gg, Gg, Gg
Gs^Fms, Gg^Fms, Gs^Fms, Hh^Fms, Gg^Fms, Gg, Gg, Gg, Gg, Gg, Gg, Gg, Hh, Gg, Gg, Gg, Gg, Gg, Gs, Gg, Gg, Gg, Gg, Gg, Gg, Re, Re, Gg, Gd^Vo, Re, Gg, Gg, Ds, Ww, Hh, Mm, Hh, Ww, Ww, Ww, Ds, Gg, Gs, Gs, Gg, Gg, Gg, Gg, Gg, Gg
Gg^Fms, Gg^Fms, Gg^Fms, Gg^Fms, Gg, Gg, Gg, Gg, Gs, Gg, Gg, Gg^Efm, Gd^Vo, Gg, Gs, Gg, Gg, Gg, Gg, Gg, Gg, Hh, Gg, Gs, Gll, Gg, Gll, Re, Re, Re, Gg, Gg, Ds, Ww, Ww, Hh, Ww, Ww, Ww, Ww, Ds, Gg, Gg, Gg, Gg, Gg, Gg, Gg, Gg, Gg
Gg, Gg^Fms, Gs, Gg, Gg, Gg, Gd, Gg, Gg, Gg, Gg, Gg, Gg, Gd, Gs, Gg, Gg, Hh, Gg, Gs, Gg, Gg, Gg, Gg, Gg, Gg, Gg, Gg, Re, Gg, Gg, Gg, Ds, Wwf, Wwf, Ww, Ds^Edp, Ww, Ds, Ds, Hh, Gg, Gg, Gll, Gg, Gg, Gg, Gg, Gg, Gg
Gs^Fms, Gg, Gg, Gg, Gg, Gg, Gg, Gs, Gs, Gg, Gg, Gg, Gg, Gg, Gg, Gg, Gg, Gg, Gg, Gg, Gg, Gg, Gg, Gg, Gg, Gg, Gg, Gg, Re, Gs, Gg, Gg, Gg, Ds, Wwf, Wwf, Ds, Ds, Hh^Fms, Hh^Fms, Gg, Gg, Hh, Gg, Gs, Gg, Gg, Gg, Gs, Gg
Gg, Gg, Gg, Gg, Gg, Gs, Gg, Gs, Gg, Gg, Gg, Gg, Gg, Gg, Gg, Gg, Gg, Gg, Gg, Gg, Gg, Gg, Gg, Gg, Gg, Gg, Re, Re, Gg, Gg, Gg, Gg, Gg^Efm, Wwf, Hh, Hh, Hh^Fms, Hh^Fms, Gs^Fms, Gg^Fms, Gg, Mm, Gg^Fms, Hh, Gg, Gg, Gg, Gg, Gs, Gs
Gg, Gg, Gg, Gg, Gg, Gg, Gg, Gg, Gg, Gll, Gg, Gg, Gg, Gg, Gs, Gg, Gd, Gs, Gg, Gg, Gg, Gg, Re, Gd^Vo, Re, Re, Gs, Gg, Gg, Gg, Gg, Gg, Gd, Wwf, Hh, Hh^Fms, Gg^Fms, Gg^Fms, Gg^Fms, Gg^Fms, Gg^Fms, Gg^Fms, Gg^Fms, Hh^Fms, Gg, Gg, Gg, Gg, Gg, Gg
Gg, Gg, Gg, Gg, Gg, Gs, Gg, Gg, Gg, Gll, Gg, Gg, Gg, Gg, Gg, Gg, Gg, Gg, Gg, Gg, Gg, Re, Gg, Re, Gg, Gg, Gg, Gg, Gg, Gg, Gg, Gg, Wwf, Wwf, Wwf, Hh^Fms, Gg^Fms, Gg^Fms, Gg^Fms, Gd^Vo, Gg, Gg, Mm, Hh^Fms, Gg, Gg, Gg, Gg, Gg, Gg
Gg, Gs, Gg, Gg, Gg, Gg, Gg, Gg, Gg, Gg, Gg, Gg, Gg, Gll, Gd, Gg, Gg, Gg, Gll, Gg, Re, Re, Gg^Fms, Gs, Gg, Gs, Gg, Gg, Gg, Hh, Gg, Gg, Wwf, Wwf, Wwf, Wwf, Gg^Fms, Gg^Fms, Gg^Fms, Gg, Gg, Gg, Mm, Hh^Fms, Hh^Fms, Gd, Gg, Gg, Gg, Gg
Gg, Gg, Gg, Gg, Gg, Gll, Gg, Gg, Gll, Gll, Gg, Gg, Gg, Gg, Gs, Gg, Gg^Fms, Gg, Gg, Gg, Re, Gg^Fms, Gg^Fms, Gg^Fms, Gs, Gg, Gg, Gg, Gg, Gg, Gg, Wwf, Wwf, Gs, Gg^Fms, Gg^Fms, Gg^Fms, Gg^Fms, Mm, Mm, Mm, Mm, Hh^Fms, Hh^Fms, Gg^Fms, Gg, Gg, Gg, Gd, Gg
Gd, Gd, Gg, Gg, Gg, Gg, Gg, Gg, Gg, Gg, Gg, Gll, Gg, Gd, Gg, Gg^Fms, Gg, Gg^Fms, Gg^Fms, Re, Gg^Fms, Hh, Gg^Fms, Gg^Fms, Gg, Gg, Gs, Gg, Gll, Gg, Gg, Wwf, Wwf, Gg^Fms, Gg^Fms, Mm, Mm, Mm, Mm, Mm, Mm, Hh^Fms, Hh^Fms, Hh^Fms, Gg, Gg, Gg, Gg, Gg, Gg
Gg, Gd, Gg, Gg, Gg, Hh, Gg, Gg, Gg^Fms, Gs^Fms, Gg^Fms, Gg, Gg, Gg, Gs^Fms, Gg^Fms, Gs^Fms, Gs, Re, Re, Hh^Fms, Gg^Fms, Hh, Hh, Hh^Fms, Gg, Gg, Gg, Gg, Gg, Hh, Wwf, Wwf, Wwf, Wwf, Hh^Fms, Mm, Mm, Gg, Mm, Hh^Fms, Hh^Fms, Hh^Fms, Hh^Fms, Gg, Gg, Gg, Gg, Gg, Gg
Gg, Gg, Gg, Gg, Gg, Gg, Gg, Gg, Gg^Fms, Hh, Gs, Gll, Gg, Gg, Gg, Gg^Fms, Gg^Fms, Re, Gg^Fms, Hh, Hh^Fms, Hh^Fms, Hh^Fms, Hh^Fms, Hh^Fms, Hh^Fms, Gs^Fms, Gg, Gg, Gg, Gg, Gg, Gg, Wwf, Dd^Edp, Dd, Gg, Gg, Gg^Fms, Gg, Gg^Fms, Gll^Fms, Gg^Fms, Gg^Fms, Gg, Gg, Gg, Gg, Gg, Gg
Gg, Gg, Gg, Gg, Gg, Gg, Gg, Gd, Gg^Fms, Gg^Fms, Gs^Fms, Gg, Gg, Gg, Gs, Gg, Re, Re, Hh^Vo, Hh^Fms, Hh^Fms, Hh^Fms, Hh, Hh^Fms, Hh, Hh^Fms, Gg, Gg, Gg, Gg, Gg, Gll, Dd, Dd^Edp, Dd^Edp, Dd^Edp, Gg^Fms, Gg^Fms, Gg^Fms, Gg^Fms, Gg^Fms, Gll^Fms, Gll^Fms, Gg^Fms, Gg, Gg, Gg, Gg, Ss, Gg
Gg, Gg, Gd, Gg, Gg, Gg, Gg, Gs, Gs, Gg^Fms, Gs, Gll, Gg, Gg, Gg, Gg, Re, Hh, Hh, Hh, Hh, Hh, Co, 2 Ko, Gg^Vo, Gg, Gll, Gg, Gg, Gg, Gg, Gg, Dd, Dd, Gg^Fms, Dd^Edp, Dd, Gg^Fms, Gg^Fms, Gg^Fms, Gs^Fms, Gg^Fms, Ss, Ss, Ss, Ss, Ss, Ss, Ss, Gg
Gll, Gs, Gg, Gg, Gd, Gg, Gg, Gg, Gd, Gg^Efm, Gg, Gll, Gg, Gg, Gg, Gg, Re, Hh, Hh, Hh, Hh, Co, Co, Gs^Fms, Gg, Gg, Gg, Gd, Gg, Gg, Gg, Gg, Gg, Gg^Fms, Gd^Vo, Dd, Gg^Fms, Gg^Fms, Gg^Fms, Hh^Fms, Gg^Fms, Gg^Fms, Ss, Ss, Ss, Ss, Ss, Ss, Ss, Ss
Gg, Gg, Gg, Gg, Gg, Gg, Gg, Gd^Vo, Gg, Gg^Efm, Gs, Gg, Gg, Gg, Gg, Gd, Re, Gd, Gg, Hh, Hh, Co, Hh^Fms, Co, Hh^Fms, Hh, Dd, Gg, Gg^Fms, Gg^Fms, Gg^Fms, Gg, Dd, Gg^Fms, Ww, Ww, Gg^Fms, Gg^Fms, Gg^Fms, Gg^Fms, Gg^Fms, Gs^Fms, Ss, Ss, Ss, Ss, Ss, Ss, Ss, Ss
Gs, Gg, Gd, Gg, Gg, Gg, Gg, Hh, Gll, Gg, Gg, Gg, Gg, Gg, Gd^Vo, Re, Gg, Gg, Gg, Hh, Hh, Hh^Fms, Hh^Fms, Hh^Fms, Rd, Rd, Dd, Dd, Hh^Fms, Gg^Fms, Gs^Fms, Dd, Rd, Dd, Rd, Ww, Ww, Gg^Fms, Gg^Fms, Gg^Fms, Gg^Fms, Hh, Ss, Ss, Gg^Fms, Ss, Gs^Fms, Gg^Fms, Gg^Fms, Gg^Fms
Gg, Gg, Gg, Gg, Gg, Gg, Gg, Gg, Gg, Gg, Gg, Gg, Gg, Gg, Re, Re, Gg, Gg, Gg, Hh, Hh, Hh^Fms, Dd, Rd, Rd, Rd, Hh^Fms, Hh^Fms, Hh^Fms, Gg^Fms, Hh^Fms, Dd, Dd, Rd, Gg^Fms, Gg^Fms, Dd, Dd, Gg^Fms, Gg^Fms, Gg^Fms, Ss, Gg^Fms, Gg^Fms, Gg^Fms, Gg^Fms, Gg^Fms, Gs^Fms, Gg^Fms, Gg^Fms
Gg, Gg, Gg, Gg, Gg, Gd, Gd, Gg, Gd, Gd, Rd, Rd, Rd, Rd, Re, Rd, Gd, Gg, Gg, Gg, Gg, Hh^Fms, Rd, Dd, Gg^Fms, Dd, Gg^Fms, Hh^Fms, Gg^Fms, Gg^Fms, Dd, Dd, Hd, Ss, Ss, Ss, Gg^Fms, Dd, Gg^Fms, Gg^Fms, Dd^Ftd, Gg^Fms, Gg^Fms, Gg^Fms, Dd^Ftd, Gg^Fms, Gg^Fms, Gg^Fms, Gg^Fms, Gg^Fms
Gd, Gd, Gd, Gg, Rd, Rd, Dd, Gd, Dd^Ftd, Dd^Ftd, Dd^Ftd, Dd^Dc, Re, Re, Dd^Edp, Dd^Ftd, Dd^Edp, Gd, Gg, Gg, Gg, Gg, Gg, Gg^Fms, Gs, Ss, Ss, Ss, Ss, Wwf, Ss, Ss, Ss, Ss, Ss, Ss, Rd, Dd, Gg^Fms, Dd^Ftd, Dd, Dd^Ftd, Dd^Ftd, Dd^Ftd, Dd, Gg^Fms, Ss, Ss, Ss, Ss
Dd^Ftd, Gd, Dd^Ftd, Gd, Rd, Rd, Dd^Edp, Dd, Hd, Hd, Hd, Hd, Re, Hd, Hd, Dd^Edp, Dd^Edp, Gd, Gg, Gg, Gg, Gg, Gs, Gg, Gg, Gs, Wwf, Wwf, Wwf, Wwf, Ss, Ss, Ww, Ss, Ww, Hh^Fms, Dd, Rd, Gs^Fms, Dd^Ftd, Dd^Ftd, Dd, Dd^Ftd, Dd^Ftd, Dd^Ftd, Dd^Ftd, Gs^Fms, Ss, Ss, Ss
Dd^Ftd, Dd^Ftd, Dd^Ftd, Dd^Ftd, Dd^Ftd, Dd, Dd^Edp, Dd^Edp, Dd^Edp, Hd, Gd, Hd, Re, Hd, Hd, Dd^Edp, Dd^Edp, Rd, Gg, Gd, Gg, Gs^Fms, Gg, Gg, Wwf, Wwf, Wwf, Ss, Gg^Fms, Ss, Gg^Fms, Gg^Fms, Ww, Ww, Wog, Ww, Ww, Ww, Ww, Gg^Fms, Gd^Fms, Dd^Ftd, Gg^Fms, Dd^Ftd, Gg^Fms, Gg^Fms, Gg^Fms, Gg^Fms, Ss, Ss
Dd^Ftd, Dd^Ftd, Dd^Ftd, Dd^Ftd, Dd^Ftd, Dd^Ftd, Dd^Ftd, Dd, Dd^Edp, Dd, Dd, Re, Dd, Hd, Dd^Do, Dd^Edp, Dd, Gd, Gg, Gg, Gg, Gd^Vo, Wwf, Wwf, Ww, Wwf, Gg^Fms, Gg^Fms, Gg^Fms, Gg^Fms, Gg^Fms, Gg^Fms, Ww, Wog, Wog, Wog, Wog, Wog, Ww, Gg^Fms, Gg^Fms, Gg^Fms, Gg^Fms, Gg^Fms, Ss, Gg^Fms, Gg^Fms, Gg^Fms, Gg^Fms, Ss
Dd^Ftd, Dd^Ftd, Ww, Ww, Dd^Ftd, Dd^Ftd, Ce, Ce, Ce, Dd, Rd, Re, Dd, Dd, Dd, Dd, Gd, Gd, Gg, Gg, Wwf, Wwf, Wwf, Sm, Sm, Wwf, Gg^Fms, Gs^Fms, Gg^Fms, Gg^Fms, Gg^Fms, Gg^Fms, Ww, Wog, Wog, Wog^Vm, Wog, Wog, Ww, Ww, Gg^Fms, Gg^Fms, Gg^Fms, Ss, Ss, Gg^Fms, Gg^Fms, Gg^Fms, Gg^Fms, Gs
Dd^Ftd, Ww, Ww, Ww, Ww, Dd^Ftd, Ce, Ce, 1 Ke, Ce, Rd, Rd, Dd^Ftd, Dd^Ftd, Dd^Ftd, Dd, Gd, Gg, Wwf, Wwf, Dd, Sm, Sm, Wwf, Sm, Wwf, Gll, Gg^Fms, Gg, Gg^Fms, Gg, Ss, Ss, Ww, Ww, Wog, Ww, Ww, Ww, Gg^Fms, Gg^Fms, Gg^Fms, Ss, Ss, Ss, Ss, Gs^Fms, Gs^Fms, Gs^Fms, Gg
Dd^Ftd, Dd^Ftd, Ww, Ww, Dd^Ftd, Dd^Do, Dd^Vdt, Rd, Rd, Rd, Dd, Dd^Vdt, Ww, Dd^Ftd, Wwf, Ww, Wwf, Wwf, Gd, Dd, Dd, Sm, Dd, Sm, Sm, Wwf, Gg, Gg, Gs, Gs, Gg, Ss, Gg^Fms, Ss, Gg^Fms, Ww, Gg^Fms, Ww, Gg^Fms, Gg^Fms, Gg^Fms, Gg^Fms, Ss, Ss, Ss, Ss, Gs^Fms, Gs^Fms, Gs^Fms, Gg
Dd^Ftd, Ww, Dd^Ftd, Dd^Ftd, Dd, Dd, Rd, Rd, Dd^Edp, Dd, Dd, Dd^Ftd, Ww, Ww, Ww, Wwf, Dd^Ftd, Dd^Ftd, Dd^Ftd, Gd, Gd, Dd, Sm, Sm, Ww, Sm, Hh, Gg, Gg, Gg, Gg, Gs^Fms, Gg^Fms, Gg^Fms, Gg^Fms, Gg^Fms, Gg^Fms, Gg^Fms, Gg^Fms, Gs^Fms, Ss, Ss, Ss, Ss, Ss, Ss, Gs^Fms, Gs^Fms, Gg^Fms, Gg^Fms
Dd^Ftd, Dd^Ftd, Dd^Edp, Dd^Edp, Dd^Edp, Dd^Edp, Rd, Dd, Dd^Edp, Dd^Edp, Dd^Ftd, Dd^Ftd, Ww, Ww, Ww, Ww, Ww, Dd^Ftd, Dd^Ftd, Gd, Gd, Gg, Gg, Wwf, Gg, Gs, Gg, Gg, Gs, Gs, Gg, Gg^Fms, Gg^Fms, Gg^Fms, Gg^Fms, Gg^Fms, Gg^Fms, Gg^Fms, Ss, Ss, Ss, Ss, Ss, Ss, Ss, Hh, Ss, Gs^Fms, Gg^Fms, Gg^Fms
Dd^Ftd, Dd^Ftd, Dd, Dd^Edp, Rd, Rd, Dd, Dd, Dd^Edp, Dd, Dd^Ftd, Dd^Ftd, Dd^Ftd, Dd^Ftd, Dd^Ftd, Ww, Dd^Ftd, Ww, Dd^Ftd, Dd^Ftd, Gd, Gg, Gg, Gg, Gg, Gg, Gs^Fms, Gg, Gg, Gs^Fms, Gg, Gg, Gg, Gg^Fms, Gg, Hh^Fms, Gg, Ss, Ss, Ss, Gg, Ss, Ss, Ss, Ss, Ss, Ss, Gg^Fms, Gg^Fms, Gs^Fms
