Ss, Ss, Ss, Ss, Ss, Ss, Ss, Ss, Ss, Ss, Ss, Ss, Ss, Ss, Ss, Ss, Ss, Ss, Ss, Ss, Ss, Ss, Ss, Ss, Ss, Ss, Ss, Ss, Gll^Ftr, Gll^Ftr, Gll^Ftr, Gll^Ftr, Ww, Ww, Ww, Ww, Ww, Ww
Ss, Ss, Ss, Ss, Cte, Ss, Gg, Ss, Ss^Vhs, Ss, Ss, Ss, Ss, Ss, Ss, Ss, Ss, Ss, Ss, Ss, Ss, Ss, Ss, Ss, Ss, Ss, Ss^Vhs, Ss, Ss, Gll^Ftr, Gll^Ftr, Gll^Ftr, Ss, Ww, Ww, Ww, Ww, Ww
Ss, Ss, Ss, Cte, Ss, Cte, Cte, Gg, Gg, Gg, Ss, Ss, Rb, Rb, Rb, Rb, Rb, Rb, Rb, Ss, Rb, Ss, Gg, Gg, Gg, Gg, Gg, Ss, Gll^Ftr, Gll^Ftr, Gll^Ftr, Ss, Ss, Ss, Ww, Ww, Ww, Ww
Ss, Ss, Ss, Cte, Cte, 2 Kte, Ss, Gg, Gg, Ss, Ss, Rb, Rb, Rb, Rb, Ss^Uf, Ss^Uf, Ss^Uf, Rb, Rb, Gll^Ftr, Gg, Ss, Ss, Ss, Ss, Ww, Gg, Gg, Gg, Co, Co, Co, Ss, Ss, Ss, Ww, Ss
Ss, Ss, Gg, Gg, Gg, Ss, Gg, Gg, Ss, Gg, Hh, Rb, Rb, Ss^Vhs, Rb, Ss^Uf, Rb, Rb, Rb, Gll^Ftr, Ss, Ss, Ss, Ss, Ww, Ww, Ww, Ww, Ww, Gg, Co, 3 Ko, Co, Ss, Ss, Ss, Ss, Ss
Ss, Ss, Gg, Gg, Gg, Ss, Gg, Ss, Ss, Ss, Hh, Hh, Rb, Ss^Uf, Rb, Rb, Ss^Uf, Rb, Gll^Ftr, Gll^Ftr, Ss, Ss, Ss, Ww, Ww, Ww, Hh, Wo, Wo, Ww, Ss, Co, Rb, Ss, Ss, Ss, Ss, Ss
Ss, Ss, Ss^Vhs, Gg, Gg, Gg, Gg, Hh, Hh^Ftr, Hh^Ftr, Mm^Vhh, Hh, Hh, Rb, Gg, Ss^Uf, Ss^Uf, Rb, Rb, Gll^Ftr, Ss, Ss, Ss, Ww, Ww, Hh, Hh, Wo, Wo, Ww, Ww, Ds, Rb, Ss, Ss, Ss, Ss, Ss
Ss, Ss, Ss, Gg, Gg, Gg, Gg, Hh, Hh^Ftr, Mm^Ftr, Mm^Ftr, Mm^Ftr, Hh^Ftr, Hh, Gg, Gg, Rd, Ss^Uf, Rb, Gll^Ftr, Ss, Ss, Ss, Ss, Gg^Efm, Ww^Vm, Gg^Efm, Wo, Wo, Ww, Ss, Ds, Rb, Rb, Ss, Ss, Ss, Ss
Ss, Ss, Ss, Gg, Gg, Gg, Ss, Gg, Hh, Hh^Ftr, Hh^Ftr, Ss, Hh^Ftr, Hh, Ds, Ds, Ds, Rd, Rb, Rb, Gg^Efm, Gg^Efm, Gg^Efm, Gg^Efm, Gg^Efm, Gg^Efm, Wo, Wo, Wo, Ww, Ds, Rb, Gll^Ftr, Gll^Ftr, Gll^Ftr, Gll^Ftr, Ss, Ss
Ss, Ss, Ss, Ss, Ss, Gg, Gg, Ss, Gg, Hh, Hh, Hh^Ftr, Hh, Hh, Ds, Ds, Ds, Ds, Gll^Ftr, Gll^Ftr, Ss, Gg^Efm, Ww^Ewf, Gg^Efm, Ww, Ww, Ww, Wo, Ww, Ww, Ds, Rb, Gll^Ftr, Gll^Ftr, Gll^Ftr, Ss, Ss, Ss
Ss, Ss, Ww^Vm, Ss, Ss, Gg, Ss^Uf, Gg, Gg, Gg, Gg, Hh, Gg, Gg, Gg, Ds, Ds, Ds, Gll^Ftr, Gll^Ftr, Ss^Uf, Ss, Ww^Ewf, Ww^Ewf, Ww, Ww, Ww, Ww, Ss, Ds, Rb, Rb, Gll^Ftr, Gll^Ftr, Ss, Ss, Ss, Ss
Ww, Ww, Ww, Ww, Ss^Uf, Ss^Uf, Ss^Uf, Ss^Uf, Gg, Gg, Gg, Gg, Ww, Gg, Gg, Gg, Gg, Gg, Gll^Uf, Gll^Uf, Ss^Uf, Ss^Uf, Ss, Ss, Ss, Ww, Ss, Ww, Ss, Ss, Rb, Rb, Rb, Rb, Ss^Vhs, Ss, Ss, Ss
Ww, Ww, Ww, Ww, Ww, Ww, Ww, Ss^Uf, Gg, Gg, Ww, Ww, Rb^Em, Ww, Ww, Gg, Gg, Gg, Gll^Ftr, Gll^Uf, Gll^Ftr, Gll^Ftr, Gll^Ftr, Ss, Gll^Ftr, Ss, Ss, Ss, Ss, Rb, Ss, Wwt, Ss, Rb, Ss, Ss, Ss, Ss
Ww, Ww, Ww, Ww, Ww, Ww, Ww, Ww, Ww, Ww, Ww, Rb^Emf, Rb^Em, Rb^Emf, Rb^Vht, Ww, Ww, Gg, Gg, Gll^Ftr, Gg, Gll^Ftr, Gll^Ftr, Gll^Ftr, Hh^Ftr, Gll^Ftr, Gll^Ftr, Ss, Ss, Ss, Wwt, Wwt, Rb, Ss, Gll^Ftr, Gll^Ftr, Gll^Ftr, Gll^Ftr
Ss, Ww, Ww, Ww, Ww, Ww, Ss, Ss^Uf, Ss^Uf, Rb^Em, Ss^Uf, Rb^Ftr, Ss^Ftr, Rb^Emf, Ww, Ww, Ww, Gg, Ss, Gg, Gg, Gg, Hh, Hh^Ftr, Hh^Ftr, Hh^Ftr, Hh^Ftr, Ss, Ss, Ss, Rb, Rb, Rb, Ss, Gll^Ftr, Gll^Ftr, Gll^Ftr, Gll^Ftr
Ss, Ww, Ss, Ss, Ss, Ss, Ss^Ftr, Ss, Ss^Ftr, Ss^Uf, Ss, Ss^Ftr, Ss^Ftr, Ss^Ftr, Ww, Ww, Ww, Ss, Ss, Gg, Gg, Gg, Gg, Hh, Hh, Hh, Hh, Hh, Hh^Ftr, Ss, Rb, Rb, Rb, Ss, Ss, Gll^Ftr, Gll^Ftr, Gll^Ftr
Ss, Ss, Ss, Ss, Ss^Ftr, Ss, Ss^Ftr, Ss^Ftr, Ss^Ftr, Ss, Ss, Ss^Ftr, Ss, Ss^Ftr, Ww, Ww, Ww, Ww, Ss, Gg, Ss, Gg, Gg, Gg, Sm, Hh, Sm, Hh, Hh^Ftr, Hh^Ftr, Rb, Rb, Ss, Ss, Ss, Gll^Ftr, Gll^Ftr, Gll^Ftr
Ss, Ss, Ss, Ss^Ftr, Ss^Ftr, Ss^Ftr, Ss^Ftr, Ss^Ftr, Ss^Ftr, Ss, Ss, Ss, Ss, Ss, Ww, Ww, Ww, Ww, Ss, Ss, Sm, Gg, Gg, Gg, Sm, Sm, Ss, Sm, Gg, Gg, Gg, Gg, Gg, Ss, Ss, Ss, Ss, Ss
Ss, Ss, Ss^Ftr, Ss^Ftr, Ss^Ftr, Ss^Ftr, Rb^Ftr, Ss^Ftr, Rb^Ftr, Ss, Sm, Ss, Ww, Ww, Ww, Ww, Ww, Ww, Sm, Sm, Ww^Ewf, Ww^Ewf, Gg, Gg, Ww, Sm, Sm, Sm, Gg, Gg, Gg, Gg, Gg, Ss, Ss, Ss, Rb, Ss
Ss, Ss, Ss, Ss^Ftr, Ss, Rb, Rb^Ftr, Rb^Ftr, Hh^Ftr, Sm, Ww^Vm, Ww, Ww, Ww, Ww, Sm, Sm, Sm, Sm, Ww^Ewf, Ww^Ewf, Ss, Ss^Vhs, Gg, Gg, Gg, Gg, Gg, Gg, Gg, Gg, Gg, Gg, Ss, Ss, Ss, Rb, Rb
Ss, Ss, Ss, Ss, Rb, Rb, Hh^Ftr, Hh^Ftr, Sm, Sm, Sm, Sm, Sm, Sm, Ww, Sm, Sm, Sm, Ss, Sm, Ss, Ss, Ss, Gg, Ss, Ss, Gg, Gg, Ss, Gg, Gg, Gg, Gg, Gg, Rb, Rb, Dd^Vdt, Rd
Ss, Ss, Ss, Ss, Ss, Rb, Hh, Hh^Ftr, Hh, Sm, Sm, Sm, Sm, Ww, Ss, Ss, Ss, Ss, Ss, Ss, Ss, Ss, Ss, Ss, Ss, Ss, Gg, Gg, Gg, Gg, Gg, Gg, Rb, Gg^Ecf, Rb, Rb, Dd, Dd
Ss, Ss, Ss, Ss, Ss, Rb, Rb, Hh, Hh, Hh, Rb, Ss, Ss, Ww, Ss, Ss, Ss, Ss, Ss, Ss, Ss^Ftr, Ss^Ftr, Ss, Ss, Ss, Ss, Ss, Ss, Ss, Ss, Rb, Rb, Rb, Rb, 1 Ke, Ce, Ce, Dd
Ss, Ss, Ss, Ss, Ss, Ss, Ss, Rb, Rb, Rb, Ss, Ss, Ss, Ss, Ss, Ss, Ss^Ftr, Ss^Ftr, Ss^Ftr, Ss^Ftr, Ss^Ftr, Ss^Ftr, Ss, Ss, Ss, Ss, Ss, Ss, Ss, Ss, Ss, Rb, Dd^Vdt, Ce, Ce, Ce, Dd, Dd
Ss, Ss, Ss, Ss, Ss, Ss, Ss, Ss, Ss, Ss, Ss, Ss, Ss, Ss, Ss^Ftr, Ss^Ftr, Ss^Ftr, Ss^Ftr, Ss^Ftr, Ss^Ftr, Ss^Ftr, Ss^Ftr, Ss^Ftr, Ss, Ss, Ss, Ss, Ss, Rb, Ss, Rd^Edpp, Rd, Dd^Edpp, Dd^Edpp, Dd^Edpp, Dd, Dd^Edpp, Dd
Ss, Ss, Ss, Ss, Ss, Ss, Ss, Ss, Ss, Ss, Ss, Ss, Ss, Ss, Ss^Ftr, Ss^Ftr, Ss^Ftr, Ss^Ftr, Ss^Ftr, Ss^Ftr, Ss^Ftr, Ss^Ftr, Ss, Ss, Ss, Ss, Ss, Ss, Rd, Rb, Rd^Edpp, Rd^Edpp, Dd^Edpp, Dd^Edpp, Dd^Edpp, Dd^Edpp, Dd^Edpp, Dd
